app/(root)/production/expense/monthly-expense/page.tsx(196,26): error TS2304: Cannot find name 'IconPlus'.
